[14:02:11] WARN: Failed login attempt from Vault 12.
[14:05:33] ERROR: Unhandled exception in exchange_router.py
[14:10:01] INFO: Security audit initiated. 
[14:12:44] CRITICAL ALERT: Unauthorized access detected. Suspected traversal.
[14:12:45] ENCRYPTED HONEYPOT TRIGGERED: P1EYz24mXmGasGW5Q2EKoS93veQtM192GCKwqA0=